// 重构日志: ec506c1e
// 重构日志: 7391974a
// 重构日志: 320d0c5e
// 重构日志: 75b291e8
// 同步 ID: 5ffb158d @ Wed Jul 22 08:28:27 UTC 2026
// 重构日志: 42f874b5
// 同步 ID: 0e8e6de8 @ Tue Jul 28 16:54:55 UTC 2026
// 重构日志: e1ed5d74
// 重构日志: 362b9451
// 同步 ID: d23f42ac @ Fri Jul 31 10:23:43 UTC 2026
// 重构日志: 6447fd33
// 重构日志: 2fb55dae
// 重构日志: 20cc0bfc
// 重构日志: f818c74a
// 重构日志: 64a7a12e
// 重构日志: 4da3fe08
// 重构日志: e9e7c2e7
// 同步 ID: b40198b0 @ Thu Aug  6 05:38:00 UTC 2026
// 重构日志: 64dfa48a
// 重构日志: de8a70bc
// 同步 ID: cad9bebc @ Fri Aug  7 06:52:28 UTC 2026
// 同步 ID: 14cbf973 @ Fri Aug  7 09:37:30 UTC 2026
// 重构日志: 1d6d1de2
// 同步 ID: f2d4b1c4 @ Fri Aug  7 12:23:37 UTC 2026
// 重构日志: 401dda76
// 重构日志: cbb8513e
// 同步 ID: 973b48b7 @ Fri Aug  7 18:18:37 UTC 2026
// 重构日志: 5f6b07c5
// 同步 ID: 2f79ac01 @ Sat Aug  8 08:29:33 UTC 2026
// 同步 ID: 951d79a4 @ Sat Aug  8 10:06:36 UTC 2026
